<html>
<body>
<pre>
<h1>µVision Build Log</h1>
<h2>Project:</h2>
C:\Keil\Labware\Lab16\Lab16_IoT\Lab16_IoT.uvproj
Project File Date:  02/23/2015

<h2>Output:</h2>
Rebuild target 'Lab16_IoT'
compiling main.c...
compiling board.c...
compiling Nokia5110.c...
compiling LED.c...
compiling device.c...
compiling driver.c...
compiling flowcont.c...
compiling fs.c...
compiling netapp.c...
compiling netcfg.c...
compiling nonos.c...
compiling socket.c...
compiling spawn.c...
compiling spi.c...
assembling startup_rvmdk.S...
compiling uart.c...
compiling wlan.c...
compiling uartstdio.c...
compiling ustdlib.c...
linking...
Program Size: Code=15140 RO-data=2312 RW-data=56 ZI-data=19816  
After Build - User command #1: fromelf --bin --output .\rvmdk\cc31000_starter.bin .\rvmdk\cc31000_starter.axf
".\rvmdk\Lab16_IoT.axf" - 0 Error(s), 0 Warning(s).
Load "C:\\Keil\\Labware\\Lab16\\Lab16_IoT\\rvmdk\\Lab16_IoT.axf" 
Connecting: Mode=JTAG, Speed=1000000Hz
Erase Done.
Programming Done.
Verify OK.
ash Download failed  -  Target DLL has been cancelled
Load "C:\\Keil\\Labware\\Lab16\\Lab16_IoT\\rvmdk\\Lab16_IoT.axf" 
Connecting: Mode=JTAG, Speed=1000000Hz
Erase Done.
Programming Done.
Verify OK.
