ARM Linker, 5.03 [Build 76] [MDK-ARM Lite]

==============================================================================

Section Cross References

    startup.o(STACK) refers (Special) to heapauxi.o(.text) for __use_two_region_memory
    startup.o(HEAP) refers (Special) to heapauxi.o(.text) for __use_two_region_memory
    startup.o(RESET) refers (Special) to heapauxi.o(.text) for __use_two_region_memory
    startup.o(RESET) refers to startup.o(STACK) for StackMem
    startup.o(RESET) refers to spaceinvaders.o(i.SysTick_Handler) for SysTick_Handler
    startup.o(RESET) refers to spaceinvaders.o(i.Timer2A_Handler) for Timer2A_Handler
    startup.o(RESET) refers to texas.o(i.Timer4A_Handler) for Timer4A_Handler
    startup.o(RESET) refers to texas.o(i.Timer5A_Handler) for Timer5A_Handler
    startup.o(RESET) refers to __main.o(!!!main) for __main
    startup.o(.text) refers (Special) to heapauxi.o(.text) for __use_two_region_memory
    startup.o(.text) refers to startup.o(HEAP) for HeapMem
    startup.o(.text) refers to startup.o(STACK) for StackMem
    nokia5110.o(i.Nokia5110_Clear) refers to nokia5110.o(i.lcdwrite) for lcdwrite
    nokia5110.o(i.Nokia5110_Clear) refers to nokia5110.o(i.Nokia5110_SetCursor) for Nokia5110_SetCursor
    nokia5110.o(i.Nokia5110_ClearBuffer) refers to nokia5110.o(.bss) for Screen
    nokia5110.o(i.Nokia5110_DisplayBuffer) refers to nokia5110.o(i.Nokia5110_DrawFullImage) for Nokia5110_DrawFullImage
    nokia5110.o(i.Nokia5110_DisplayBuffer) refers to nokia5110.o(.bss) for Screen
    nokia5110.o(i.Nokia5110_DrawFullImage) refers to nokia5110.o(i.Nokia5110_SetCursor) for Nokia5110_SetCursor
    nokia5110.o(i.Nokia5110_DrawFullImage) refers to nokia5110.o(i.lcdwrite) for lcdwrite
    nokia5110.o(i.Nokia5110_Init) refers to nokia5110.o(i.lcdwrite) for lcdwrite
    nokia5110.o(i.Nokia5110_OutChar) refers to nokia5110.o(i.lcdwrite) for lcdwrite
    nokia5110.o(i.Nokia5110_OutChar) refers to nokia5110.o(.constdata) for ASCII
    nokia5110.o(i.Nokia5110_OutString) refers to nokia5110.o(i.Nokia5110_OutChar) for Nokia5110_OutChar
    nokia5110.o(i.Nokia5110_OutUDec) refers to nokia5110.o(i.Nokia5110_OutString) for Nokia5110_OutString
    nokia5110.o(i.Nokia5110_OutUDec) refers to nokia5110.o(i.Nokia5110_OutChar) for Nokia5110_OutChar
    nokia5110.o(i.Nokia5110_PrintBMP) refers to nokia5110.o(.bss) for Screen
    nokia5110.o(i.Nokia5110_SetCursor) refers to nokia5110.o(i.lcdwrite) for lcdwrite
    random.o(.text) refers to random.o(DATA) for M
    spaceinvaders.o(i.Player_Move) refers to spaceinvaders.o(.data) for ADCdata
    spaceinvaders.o(i.Rand) refers to rand.o(.text) for srand
    spaceinvaders.o(i.Rand) refers to random.o(.text) for Random
    spaceinvaders.o(i.SysTick_Handler) refers to spaceinvaders.o(i.ADC0_In) for ADC0_In
    spaceinvaders.o(i.SysTick_Handler) refers to spaceinvaders.o(i.Rand) for Rand
    spaceinvaders.o(i.SysTick_Handler) refers to rand.o(.text) for srand
    spaceinvaders.o(i.SysTick_Handler) refers to spaceinvaders.o(.data) for ADCdata
    spaceinvaders.o(i.SysTick_Init) refers to spaceinvaders.o(i.PORTS_Init) for PORTS_Init
    spaceinvaders.o(i.Timer2A_Handler) refers to spaceinvaders.o(i.DAC_Out) for DAC_Out
    spaceinvaders.o(i.Timer2A_Handler) refers to spaceinvaders.o(.data) for Fire
    spaceinvaders.o(i.main) refers to texas.o(i.TExaS_Init) for TExaS_Init
    spaceinvaders.o(i.main) refers to spaceinvaders.o(i.ADC0_Init) for ADC0_Init
    spaceinvaders.o(i.main) refers to spaceinvaders.o(i.DAC_Init) for DAC_Init
    spaceinvaders.o(i.main) refers to nokia5110.o(i.Nokia5110_Init) for Nokia5110_Init
    spaceinvaders.o(i.main) refers to spaceinvaders.o(i.Timer2_Init) for Timer2_Init
    spaceinvaders.o(i.main) refers to spaceinvaders.o(i.SysTick_Init) for SysTick_Init
    spaceinvaders.o(i.main) refers to startup.o(.text) for EnableInterrupts
    spaceinvaders.o(i.main) refers to nokia5110.o(i.Nokia5110_Clear) for Nokia5110_Clear
    spaceinvaders.o(i.main) refers to nokia5110.o(i.Nokia5110_SetCursor) for Nokia5110_SetCursor
    spaceinvaders.o(i.main) refers to nokia5110.o(i.Nokia5110_OutString) for Nokia5110_OutString
    spaceinvaders.o(i.main) refers to spaceinvaders.o(i.Delayms) for Delayms
    spaceinvaders.o(i.main) refers to nokia5110.o(i.Nokia5110_ClearBuffer) for Nokia5110_ClearBuffer
    spaceinvaders.o(i.main) refers to spaceinvaders.o(i.Rand) for Rand
    spaceinvaders.o(i.main) refers to spaceinvaders.o(i.Player_Move) for Player_Move
    spaceinvaders.o(i.main) refers to nokia5110.o(i.Nokia5110_PrintBMP) for Nokia5110_PrintBMP
    spaceinvaders.o(i.main) refers to nokia5110.o(i.Nokia5110_DisplayBuffer) for Nokia5110_DisplayBuffer
    spaceinvaders.o(i.main) refers to spaceinvaders.o(.constdata) for SmallEnemyNew1
    spaceinvaders.o(i.main) refers to spaceinvaders.o(.bss) for Enemy
    spaceinvaders.o(i.main) refers to spaceinvaders.o(.data) for Enemy_Rand
    texas.o(i.SetCode) refers to texas.o(.bss) for TExaS
    texas.o(i.SetCourse) refers to texas.o(.bss) for TExaS
    texas.o(i.SetMode) refers to texas.o(.bss) for TExaS
    texas.o(i.StartTimer4) refers to texas.o(.data) for ScopeCount
    texas.o(i.TExaS_Init) refers to texas.o(i.PLL_Init) for PLL_Init
    texas.o(i.TExaS_Init) refers to texas.o(i.SetCourse) for SetCourse
    texas.o(i.TExaS_Init) refers to texas.o(i.UART0_Init) for UART0_Init
    texas.o(i.TExaS_Init) refers to texas.o(i.SetCode) for SetCode
    texas.o(i.TExaS_Init) refers to texas.o(i.ADC1_Init) for ADC1_Init
    texas.o(i.TExaS_Init) refers to texas.o(.constdata) for IntroMsg
    texas.o(i.TExaS_Init) refers to texas.o(.bss) for TExaS
    texas.o(i.TExaS_Init) refers to texas.o(.data) for LastMode
    texas.o(i.Timer5A_Handler) refers to texas.o(i.ADC1_In) for ADC1_In
    texas.o(i.Timer5A_Handler) refers to texas.o(.data) for TExaS_Period
    rand.o(.emb_text) refers (Special) to libinit2.o(.ARM.Collect$$libinit$$0000000B) for __rt_lib_init_rand_2
    rand.o(.emb_text) refers to rand.o(.text) for _rand_init
    rand.o(.emb_text) refers to rand.o(.bss) for _random_number_data
    rand.o(.text) refers (Special) to libinit2.o(.ARM.Collect$$libinit$$0000000B) for __rt_lib_init_rand_2
    rand.o(.text) refers to rand.o(.bss) for .bss
    rand.o(.bss) refers (Special) to libinit2.o(.ARM.Collect$$libinit$$0000000B) for __rt_lib_init_rand_2
    __main.o(!!!main) refers to rtentry.o(.ARM.Collect$$rtentry$$00000000) for __rt_entry
    rtentry.o(.ARM.Collect$$rtentry$$00000000) refers (Special) to rtentry2.o(.ARM.Collect$$rtentry$$0000000A) for __rt_entry_li
    rtentry.o(.ARM.Collect$$rtentry$$00000000) refers (Special) to rtentry2.o(.ARM.Collect$$rtentry$$0000000D) for __rt_entry_main
    rtentry.o(.ARM.Collect$$rtentry$$00000000) refers (Special) to rtentry2.o(.ARM.Collect$$rtentry$$0000000C) for __rt_entry_postli_1
    rtentry.o(.ARM.Collect$$rtentry$$00000000) refers (Special) to rtentry2.o(.ARM.Collect$$rtentry$$00000009) for __rt_entry_postsh_1
    rtentry.o(.ARM.Collect$$rtentry$$00000000) refers (Special) to rtentry2.o(.ARM.Collect$$rtentry$$00000002) for __rt_entry_presh_1
    rtentry.o(.ARM.Collect$$rtentry$$00000000) refers (Special) to rtentry4.o(.ARM.Collect$$rtentry$$00000004) for __rt_entry_sh
    libinit2.o(.ARM.Collect$$libinit$$0000000B) refers (Weak) to rand.o(.text) for _rand_init
    libinit2.o(.ARM.Collect$$libinit$$0000000E) refers to libinit2.o(.ARM.Collect$$libinit$$0000000D) for .ARM.Collect$$libinit$$0000000D
    libinit2.o(.ARM.Collect$$libinit$$00000010) refers to libinit2.o(.ARM.Collect$$libinit$$0000000D) for .ARM.Collect$$libinit$$0000000D
    libinit2.o(.ARM.Collect$$libinit$$00000012) refers to libinit2.o(.ARM.Collect$$libinit$$0000000D) for .ARM.Collect$$libinit$$0000000D
    libinit2.o(.ARM.Collect$$libinit$$00000014) refers to libinit2.o(.ARM.Collect$$libinit$$0000000D) for .ARM.Collect$$libinit$$0000000D
    libinit2.o(.ARM.Collect$$libinit$$00000016) refers to libinit2.o(.ARM.Collect$$libinit$$0000000D) for .ARM.Collect$$libinit$$0000000D
    libinit2.o(.ARM.Collect$$libinit$$00000024) refers to argv_veneer.o(.emb_text) for __ARM_argv_veneer
    libinit2.o(.ARM.Collect$$libinit$$00000025) refers to argv_veneer.o(.emb_text) for __ARM_argv_veneer
    rtentry2.o(.ARM.Collect$$rtentry$$00000008) refers to boardinit2.o(.text) for _platform_post_stackheap_init
    rtentry2.o(.ARM.Collect$$rtentry$$0000000A) refers to libinit.o(.ARM.Collect$$libinit$$00000000) for __rt_lib_init
    rtentry2.o(.ARM.Collect$$rtentry$$0000000B) refers to boardinit3.o(.text) for _platform_post_lib_init
    rtentry2.o(.ARM.Collect$$rtentry$$0000000D) refers to spaceinvaders.o(i.main) for main
    rtentry2.o(.ARM.Collect$$rtentry$$0000000D) refers to exit.o(.text) for exit
    rtentry2.o(.ARM.exidx) refers to rtentry2.o(.ARM.Collect$$rtentry$$00000001) for .ARM.Collect$$rtentry$$00000001
    rtentry2.o(.ARM.exidx) refers to rtentry2.o(.ARM.Collect$$rtentry$$00000008) for .ARM.Collect$$rtentry$$00000008
    rtentry2.o(.ARM.exidx) refers to rtentry2.o(.ARM.Collect$$rtentry$$0000000A) for .ARM.Collect$$rtentry$$0000000A
    rtentry2.o(.ARM.exidx) refers to rtentry2.o(.ARM.Collect$$rtentry$$0000000B) for .ARM.Collect$$rtentry$$0000000B
    rtentry2.o(.ARM.exidx) refers to rtentry2.o(.ARM.Collect$$rtentry$$0000000D) for .ARM.Collect$$rtentry$$0000000D
    rtentry4.o(.ARM.Collect$$rtentry$$00000004) refers to sys_stackheap_outer.o(.text) for __user_setup_stackheap
    rtentry4.o(.ARM.exidx) refers to rtentry4.o(.ARM.Collect$$rtentry$$00000004) for .ARM.Collect$$rtentry$$00000004
    argv_veneer.o(.emb_text) refers to no_argv.o(.text) for __ARM_get_argv
    sys_stackheap_outer.o(.text) refers to libspace.o(.text) for __user_perproc_libspace
    sys_stackheap_outer.o(.text) refers to startup.o(.text) for __user_initial_stackheap
    exit.o(.text) refers to rtexit.o(.ARM.Collect$$rtexit$$00000000) for __rt_exit
    _get_argv_nomalloc.o(.text) refers (Special) to hrguard.o(.text) for __heap_region$guard
    _get_argv_nomalloc.o(.text) refers to defsig_rtmem_outer.o(.text) for __rt_SIGRTMEM
    _get_argv_nomalloc.o(.text) refers to sys_command.o(.text) for _sys_command_string
    libinit.o(.ARM.Collect$$libinit$$00000000) refers (Special) to libinit2.o(.ARM.Collect$$libinit$$0000002C) for __rt_lib_init_alloca_1
    libinit.o(.ARM.Collect$$libinit$$00000000) refers (Special) to libinit2.o(.ARM.Collect$$libinit$$0000002A) for __rt_lib_init_argv_1
    libinit.o(.ARM.Collect$$libinit$$00000000) refers (Special) to libinit2.o(.ARM.Collect$$libinit$$00000019) for __rt_lib_init_atexit_1
    libinit.o(.ARM.Collect$$libinit$$00000000) refers (Special) to libinit2.o(.ARM.Collect$$libinit$$0000001F) for __rt_lib_init_clock_1
    libinit.o(.ARM.Collect$$libinit$$00000000) refers (Special) to libinit2.o(.ARM.Collect$$libinit$$00000030) for __rt_lib_init_cpp_1
    libinit.o(.ARM.Collect$$libinit$$00000000) refers (Special) to libinit2.o(.ARM.Collect$$libinit$$0000002E) for __rt_lib_init_exceptions_1
    libinit.o(.ARM.Collect$$libinit$$00000000) refers (Special) to libinit2.o(.ARM.Collect$$libinit$$00000002) for __rt_lib_init_fp_1
    libinit.o(.ARM.Collect$$libinit$$00000000) refers (Special) to libinit2.o(.ARM.Collect$$libinit$$0000001D) for __rt_lib_init_fp_trap_1
    libinit.o(.ARM.Collect$$libinit$$00000000) refers (Special) to libinit2.o(.ARM.Collect$$libinit$$00000021) for __rt_lib_init_getenv_1
    libinit.o(.ARM.Collect$$libinit$$00000000) refers (Special) to libinit2.o(.ARM.Collect$$libinit$$00000008) for __rt_lib_init_heap_1
    libinit.o(.ARM.Collect$$libinit$$00000000) refers (Special) to libinit2.o(.ARM.Collect$$libinit$$0000000F) for __rt_lib_init_lc_collate_1
    libinit.o(.ARM.Collect$$libinit$$00000000) refers (Special) to libinit2.o(.ARM.Collect$$libinit$$00000011) for __rt_lib_init_lc_ctype_1
    libinit.o(.ARM.Collect$$libinit$$00000000) refers (Special) to libinit2.o(.ARM.Collect$$libinit$$00000013) for __rt_lib_init_lc_monetary_1
    libinit.o(.ARM.Collect$$libinit$$00000000) refers (Special) to libinit2.o(.ARM.Collect$$libinit$$00000015) for __rt_lib_init_lc_numeric_1
    libinit.o(.ARM.Collect$$libinit$$00000000) refers (Special) to libinit2.o(.ARM.Collect$$libinit$$00000017) for __rt_lib_init_lc_time_1
    libinit.o(.ARM.Collect$$libinit$$00000000) refers (Special) to libinit2.o(.ARM.Collect$$libinit$$0000000C) for __rt_lib_init_rand_1
    libinit.o(.ARM.Collect$$libinit$$00000000) refers (Special) to libinit2.o(.ARM.Collect$$libinit$$00000031) for __rt_lib_init_return
    libinit.o(.ARM.Collect$$libinit$$00000000) refers (Special) to libinit2.o(.ARM.Collect$$libinit$$0000001B) for __rt_lib_init_signal_1
    libinit.o(.ARM.Collect$$libinit$$00000000) refers (Special) to libinit2.o(.ARM.Collect$$libinit$$00000023) for __rt_lib_init_stdio_1
    libinit.o(.ARM.Collect$$libinit$$00000000) refers (Special) to libinit2.o(.ARM.Collect$$libinit$$0000000A) for __rt_lib_init_user_alloc_1
    sys_command.o(.text) refers (Special) to use_no_semi.o(.text) for __I$use$semihosting
    sys_command.o(.text) refers (Special) to indicate_semi.o(.text) for __semihosting_library_function
    libspace.o(.text) refers to libspace.o(.bss) for __libspace_start
    rtexit.o(.ARM.Collect$$rtexit$$00000000) refers (Special) to rtexit2.o(.ARM.Collect$$rtexit$$00000004) for __rt_exit_exit
    rtexit.o(.ARM.Collect$$rtexit$$00000000) refers (Special) to rtexit2.o(.ARM.Collect$$rtexit$$00000003) for __rt_exit_ls
    rtexit.o(.ARM.Collect$$rtexit$$00000000) refers (Special) to rtexit2.o(.ARM.Collect$$rtexit$$00000002) for __rt_exit_prels_1
    rtexit.o(.ARM.exidx) refers (Special) to rtexit2.o(.ARM.Collect$$rtexit$$00000004) for __rt_exit_exit
    rtexit.o(.ARM.exidx) refers (Special) to rtexit2.o(.ARM.Collect$$rtexit$$00000003) for __rt_exit_ls
    rtexit.o(.ARM.exidx) refers (Special) to rtexit2.o(.ARM.Collect$$rtexit$$00000002) for __rt_exit_prels_1
    rtexit.o(.ARM.exidx) refers to rtexit.o(.ARM.Collect$$rtexit$$00000000) for .ARM.Collect$$rtexit$$00000000
    defsig_rtmem_outer.o(.text) refers to defsig_rtmem_inner.o(.text) for __rt_SIGRTMEM_inner
    defsig_rtmem_outer.o(.text) refers to defsig_exit.o(.text) for __sig_exit
    defsig_rtmem_formal.o(.text) refers to rt_raise.o(.text) for __rt_raise
    rtexit2.o(.ARM.Collect$$rtexit$$00000003) refers to libshutdown.o(.ARM.Collect$$libshutdown$$00000000) for __rt_lib_shutdown
    rtexit2.o(.ARM.Collect$$rtexit$$00000004) refers to sys_exit.o(.text) for _sys_exit
    rtexit2.o(.ARM.exidx) refers to rtexit2.o(.ARM.Collect$$rtexit$$00000001) for .ARM.Collect$$rtexit$$00000001
    rtexit2.o(.ARM.exidx) refers to rtexit2.o(.ARM.Collect$$rtexit$$00000003) for .ARM.Collect$$rtexit$$00000003
    rtexit2.o(.ARM.exidx) refers to rtexit2.o(.ARM.Collect$$rtexit$$00000004) for .ARM.Collect$$rtexit$$00000004
    rt_raise.o(.text) refers to __raise.o(.text) for __raise
    rt_raise.o(.text) refers to sys_exit.o(.text) for _sys_exit
    defsig_exit.o(.text) refers to sys_exit.o(.text) for _sys_exit
    defsig_rtmem_inner.o(.text) refers to defsig_general.o(.text) for __default_signal_display
    sys_exit.o(.text) refers (Special) to use_no_semi.o(.text) for __I$use$semihosting
    sys_exit.o(.text) refers (Special) to indicate_semi.o(.text) for __semihosting_library_function
    __raise.o(.text) refers to defsig.o(CL$$defsig) for __default_signal_handler
    defsig_general.o(.text) refers to sys_wrch.o(.text) for _ttywrch
    libshutdown.o(.ARM.Collect$$libshutdown$$00000000) refers (Special) to libshutdown2.o(.ARM.Collect$$libshutdown$$00000006) for __rt_lib_shutdown_fp_trap_1
    libshutdown.o(.ARM.Collect$$libshutdown$$00000000) refers (Special) to libshutdown2.o(.ARM.Collect$$libshutdown$$0000000E) for __rt_lib_shutdown_heap_1
    libshutdown.o(.ARM.Collect$$libshutdown$$00000000) refers (Special) to libshutdown2.o(.ARM.Collect$$libshutdown$$0000000F) for __rt_lib_shutdown_return
    libshutdown.o(.ARM.Collect$$libshutdown$$00000000) refers (Special) to libshutdown2.o(.ARM.Collect$$libshutdown$$00000009) for __rt_lib_shutdown_signal_1
    libshutdown.o(.ARM.Collect$$libshutdown$$00000000) refers (Special) to libshutdown2.o(.ARM.Collect$$libshutdown$$00000003) for __rt_lib_shutdown_stdio_1
    libshutdown.o(.ARM.Collect$$libshutdown$$00000000) refers (Special) to libshutdown2.o(.ARM.Collect$$libshutdown$$0000000B) for __rt_lib_shutdown_user_alloc_1
    sys_wrch.o(.text) refers (Special) to use_no_semi.o(.text) for __I$use$semihosting
    sys_wrch.o(.text) refers (Special) to indicate_semi.o(.text) for __semihosting_library_function
    defsig.o(CL$$defsig) refers to defsig_rtmem_inner.o(.text) for __rt_SIGRTMEM_inner
    defsig_abrt_inner.o(.text) refers to defsig_general.o(.text) for __default_signal_display
    defsig_fpe_inner.o(.text) refers to defsig_general.o(.text) for __default_signal_display
    defsig_rtred_inner.o(.text) refers to defsig_general.o(.text) for __default_signal_display
    defsig_stak_inner.o(.text) refers to defsig_general.o(.text) for __default_signal_display
    defsig_pvfn_inner.o(.text) refers to defsig_general.o(.text) for __default_signal_display
    defsig_cppl_inner.o(.text) refers to defsig_general.o(.text) for __default_signal_display
    defsig_segv_inner.o(.text) refers to defsig_general.o(.text) for __default_signal_display
    defsig_other.o(.text) refers to defsig_general.o(.text) for __default_signal_display


==============================================================================

Removing Unused input sections from the image.

    Removing nokia5110.o(i.Nokia5110_OutUDec), (412 bytes).
    Removing texas.o(i.SetMode), (24 bytes).
    Removing texas.o(i.StartTimer4), (36 bytes).
    Removing texas.o(i.StopTimer4), (24 bytes).
    Removing texas.o(i.TExaS_Stop), (28 bytes).
    Removing texas.o(i.UART0_InChar), (24 bytes).
    Removing texas.o(i.UART0_InCharNonBlocking), (28 bytes).
    Removing texas.o(i.UART0_OutChar), (24 bytes).
    Removing texas.o(i.UART0_OutCharNonBlock), (12 bytes).
    Removing texas.o(i.copy), (18 bytes).

10 unused section(s) (total 630 bytes) removed from the image.

==============================================================================

Image Symbol Table

    Local Symbols

    Symbol Name                              Value     Ov Type        Size  Object(Section)

    RESET                                    0x00000000   Section      644  startup.o(RESET)
    ../clib/angel/boardlib.s                 0x00000000   Number         0  boardinit2.o ABSOLUTE
    ../clib/angel/boardlib.s                 0x00000000   Number         0  boardinit3.o ABSOLUTE
    ../clib/angel/boardlib.s                 0x00000000   Number         0  boardinit1.o ABSOLUTE
    ../clib/angel/boardlib.s                 0x00000000   Number         0  boardshut.o ABSOLUTE
    ../clib/angel/dclz77c.s                  0x00000000   Number         0  __dclz77c.o ABSOLUTE
    ../clib/angel/handlers.s                 0x00000000   Number         0  __scatter_zi.o ABSOLUTE
    ../clib/angel/kernel.s                   0x00000000   Number         0  rtexit.o ABSOLUTE
    ../clib/angel/kernel.s                   0x00000000   Number         0  rtexit2.o ABSOLUTE
    ../clib/angel/kernel.s                   0x00000000   Number         0  rtentry4.o ABSOLUTE
    ../clib/angel/kernel.s                   0x00000000   Number         0  rtentry.o ABSOLUTE
    ../clib/angel/kernel.s                   0x00000000   Number         0  rtentry2.o ABSOLUTE
    ../clib/angel/rt.s                       0x00000000   Number         0  rt_raise.o ABSOLUTE
    ../clib/angel/scatter.s                  0x00000000   Number         0  __scatter.o ABSOLUTE
    ../clib/angel/startup.s                  0x00000000   Number         0  __main.o ABSOLUTE
    ../clib/angel/sys.s                      0x00000000   Number         0  libspace.o ABSOLUTE
    ../clib/angel/sys.s                      0x00000000   Number         0  sys_stackheap_outer.o ABSOLUTE
    ../clib/angel/sys.s                      0x00000000   Number         0  indicate_semi.o ABSOLUTE
    ../clib/angel/sys.s                      0x00000000   Number         0  use_no_semi.o ABSOLUTE
    ../clib/angel/sysapp.c                   0x00000000   Number         0  sys_command.o ABSOLUTE
    ../clib/angel/sysapp.c                   0x00000000   Number         0  sys_wrch.o ABSOLUTE
    ../clib/angel/sysapp.c                   0x00000000   Number         0  sys_exit.o ABSOLUTE
    ../clib/armsys.c                         0x00000000   Number         0  _get_argv_nomalloc.o ABSOLUTE
    ../clib/armsys.c                         0x00000000   Number         0  no_argv.o ABSOLUTE
    ../clib/armsys.c                         0x00000000   Number         0  argv_veneer.o ABSOLUTE
    ../clib/armsys.c                         0x00000000   Number         0  argv_veneer.o ABSOLUTE
    ../clib/heapalloc.c                      0x00000000   Number         0  hrguard.o ABSOLUTE
    ../clib/heapaux.c                        0x00000000   Number         0  heapauxi.o ABSOLUTE
    ../clib/libinit.s                        0x00000000   Number         0  libinit.o ABSOLUTE
    ../clib/libinit.s                        0x00000000   Number         0  libshutdown.o ABSOLUTE
    ../clib/libinit.s                        0x00000000   Number         0  libshutdown2.o ABSOLUTE
    ../clib/libinit.s                        0x00000000   Number         0  libinit2.o ABSOLUTE
    ../clib/signal.c                         0x00000000   Number         0  __raise.o ABSOLUTE
    ../clib/signal.c                         0x00000000   Number         0  defsig_pvfn_inner.o ABSOLUTE
    ../clib/signal.c                         0x00000000   Number         0  defsig_rtmem_inner.o ABSOLUTE
    ../clib/signal.c                         0x00000000   Number         0  defsig_exit.o ABSOLUTE
    ../clib/signal.c                         0x00000000   Number         0  defsig_rtmem_formal.o ABSOLUTE
    ../clib/signal.c                         0x00000000   Number         0  defsig_segv_inner.o ABSOLUTE
    ../clib/signal.c                         0x00000000   Number         0  defsig_other.o ABSOLUTE
    ../clib/signal.c                         0x00000000   Number         0  defsig_rtmem_outer.o ABSOLUTE
    ../clib/signal.c                         0x00000000   Number         0  defsig_abrt_inner.o ABSOLUTE
    ../clib/signal.c                         0x00000000   Number         0  defsig_cppl_inner.o ABSOLUTE
    ../clib/signal.c                         0x00000000   Number         0  defsig_rtred_inner.o ABSOLUTE
    ../clib/signal.c                         0x00000000   Number         0  defsig_fpe_inner.o ABSOLUTE
    ../clib/signal.c                         0x00000000   Number         0  defsig_stak_inner.o ABSOLUTE
    ../clib/signal.c                         0x00000000   Number         0  defsig_general.o ABSOLUTE
    ../clib/signal.s                         0x00000000   Number         0  defsig.o ABSOLUTE
    ../clib/stdlib.c                         0x00000000   Number         0  exit.o ABSOLUTE
    ../clib/stdlib.c                         0x00000000   Number         0  rand.o ABSOLUTE
    ../clib/stdlib.c                         0x00000000   Number         0  rand.o ABSOLUTE
    ../fplib/fpinit.s                        0x00000000   Number         0  fpinit.o ABSOLUTE
    Nokia5110.c                              0x00000000   Number         0  nokia5110.o ABSOLUTE
    SpaceInvaders.c                          0x00000000   Number         0  spaceinvaders.o ABSOLUTE
    TExaS.c                                  0x00000000   Number         0  texas.o ABSOLUTE
    dc.s                                     0x00000000   Number         0  dc.o ABSOLUTE
    random.s                                 0x00000000   Number         0  random.o ABSOLUTE
    startup.s                                0x00000000   Number         0  startup.o ABSOLUTE
    !!!main                                  0x00000284   Section        8  __main.o(!!!main)
    !!!scatter                               0x0000028c   Section       52  __scatter.o(!!!scatter)
    !!dclz77c                                0x000002c0   Section      100  __dclz77c.o(!!dclz77c)
    !!handler_zi                             0x00000324   Section       28  __scatter_zi.o(!!handler_zi)
    .ARM.Collect$$libinit$$00000000          0x00000340   Section        2  libinit.o(.ARM.Collect$$libinit$$00000000)
    .ARM.Collect$$libinit$$00000002          0x00000342   Section        0  libinit2.o(.ARM.Collect$$libinit$$00000002)
    .ARM.Collect$$libinit$$00000008          0x00000342   Section        0  libinit2.o(.ARM.Collect$$libinit$$00000008)
    .ARM.Collect$$libinit$$0000000A          0x00000342   Section        0  libinit2.o(.ARM.Collect$$libinit$$0000000A)
    .ARM.Collect$$libinit$$0000000B          0x00000342   Section        4  libinit2.o(.ARM.Collect$$libinit$$0000000B)
    .ARM.Collect$$libinit$$0000000C          0x00000346   Section        0  libinit2.o(.ARM.Collect$$libinit$$0000000C)
    .ARM.Collect$$libinit$$0000000F          0x00000346   Section        0  libinit2.o(.ARM.Collect$$libinit$$0000000F)
    .ARM.Collect$$libinit$$00000011          0x00000346   Section        0  libinit2.o(.ARM.Collect$$libinit$$00000011)
    .ARM.Collect$$libinit$$00000013          0x00000346   Section        0  libinit2.o(.ARM.Collect$$libinit$$00000013)
    .ARM.Collect$$libinit$$00000015          0x00000346   Section        0  libinit2.o(.ARM.Collect$$libinit$$00000015)
    .ARM.Collect$$libinit$$00000017          0x00000346   Section        0  libinit2.o(.ARM.Collect$$libinit$$00000017)
    .ARM.Collect$$libinit$$00000019          0x00000346   Section        0  libinit2.o(.ARM.Collect$$libinit$$00000019)
    .ARM.Collect$$libinit$$0000001B          0x00000346   Section        0  libinit2.o(.ARM.Collect$$libinit$$0000001B)
    .ARM.Collect$$libinit$$0000001D          0x00000346   Section        0  libinit2.o(.ARM.Collect$$libinit$$0000001D)
    .ARM.Collect$$libinit$$0000001F          0x00000346   Section        0  libinit2.o(.ARM.Collect$$libinit$$0000001F)
    .ARM.Collect$$libinit$$00000021          0x00000346   Section        0  libinit2.o(.ARM.Collect$$libinit$$00000021)
    .ARM.Collect$$libinit$$00000023          0x00000346   Section        0  libinit2.o(.ARM.Collect$$libinit$$00000023)
    .ARM.Collect$$libinit$$0000002A          0x00000346   Section        0  libinit2.o(.ARM.Collect$$libinit$$0000002A)
    .ARM.Collect$$libinit$$0000002C          0x00000346   Section        0  libinit2.o(.ARM.Collect$$libinit$$0000002C)
    .ARM.Collect$$libinit$$0000002E          0x00000346   Section        0  libinit2.o(.ARM.Collect$$libinit$$0000002E)
    .ARM.Collect$$libinit$$00000030          0x00000346   Section        0  libinit2.o(.ARM.Collect$$libinit$$00000030)
    .ARM.Collect$$libinit$$00000031          0x00000346   Section        2  libinit2.o(.ARM.Collect$$libinit$$00000031)
    .ARM.Collect$$libshutdown$$00000000      0x00000348   Section        2  libshutdown.o(.ARM.Collect$$libshutdown$$00000000)
    .ARM.Collect$$libshutdown$$00000003      0x0000034a   Section        0  libshutdown2.o(.ARM.Collect$$libshutdown$$00000003)
    .ARM.Collect$$libshutdown$$00000006      0x0000034a   Section        0  libshutdown2.o(.ARM.Collect$$libshutdown$$00000006)
    .ARM.Collect$$libshutdown$$00000009      0x0000034a   Section        0  libshutdown2.o(.ARM.Collect$$libshutdown$$00000009)
    .ARM.Collect$$libshutdown$$0000000B      0x0000034a   Section        0  libshutdown2.o(.ARM.Collect$$libshutdown$$0000000B)
    .ARM.Collect$$libshutdown$$0000000E      0x0000034a   Section        0  libshutdown2.o(.ARM.Collect$$libshutdown$$0000000E)
    .ARM.Collect$$libshutdown$$0000000F      0x0000034a   Section        2  libshutdown2.o(.ARM.Collect$$libshutdown$$0000000F)
    .ARM.Collect$$rtentry$$00000000          0x0000034c   Section        0  rtentry.o(.ARM.Collect$$rtentry$$00000000)
    .ARM.Collect$$rtentry$$00000002          0x0000034c   Section        0  rtentry2.o(.ARM.Collect$$rtentry$$00000002)
    .ARM.Collect$$rtentry$$00000004          0x0000034c   Section        6  rtentry4.o(.ARM.Collect$$rtentry$$00000004)
    .ARM.Collect$$rtentry$$00000009          0x00000352   Section        0  rtentry2.o(.ARM.Collect$$rtentry$$00000009)
    .ARM.Collect$$rtentry$$0000000A          0x00000352   Section        4  rtentry2.o(.ARM.Collect$$rtentry$$0000000A)
    .ARM.Collect$$rtentry$$0000000C          0x00000356   Section        0  rtentry2.o(.ARM.Collect$$rtentry$$0000000C)
    .ARM.Collect$$rtentry$$0000000D          0x00000356   Section        8  rtentry2.o(.ARM.Collect$$rtentry$$0000000D)
    .ARM.Collect$$rtexit$$00000000           0x0000035e   Section        2  rtexit.o(.ARM.Collect$$rtexit$$00000000)
    .ARM.Collect$$rtexit$$00000002           0x00000360   Section        0  rtexit2.o(.ARM.Collect$$rtexit$$00000002)
    .ARM.Collect$$rtexit$$00000003           0x00000360   Section        4  rtexit2.o(.ARM.Collect$$rtexit$$00000003)
    .ARM.Collect$$rtexit$$00000004           0x00000364   Section        6  rtexit2.o(.ARM.Collect$$rtexit$$00000004)
    .text                                    0x0000036c   Section       48  startup.o(.text)
    .text                                    0x0000039c   Section       64  random.o(.text)
    .text                                    0x000003dc   Section        0  rand.o(.text)
    .text                                    0x00000418   Section        0  heapauxi.o(.text)
    .text                                    0x0000041e   Section       74  sys_stackheap_outer.o(.text)
    .text                                    0x00000468   Section        0  exit.o(.text)
    .text                                    0x00000474   Section        8  libspace.o(.text)
    .text                                    0x0000047c   Section        2  use_no_semi.o(.text)
    .text                                    0x0000047e   Section        0  indicate_semi.o(.text)
    .text                                    0x00000480   Section        0  sys_exit.o(.text)
    i.ADC0_In                                0x0000048c   Section        0  spaceinvaders.o(i.ADC0_In)
    i.ADC0_Init                              0x000004b8   Section        0  spaceinvaders.o(i.ADC0_Init)
    i.ADC1_In                                0x00000594   Section        0  texas.o(i.ADC1_In)
    i.ADC1_Init                              0x000005a0   Section        0  texas.o(i.ADC1_Init)
    i.DAC_Init                               0x00000674   Section        0  spaceinvaders.o(i.DAC_Init)
    i.DAC_Out                                0x000006ec   Section        0  spaceinvaders.o(i.DAC_Out)
    i.Delayms                                0x000006f8   Section        0  spaceinvaders.o(i.Delayms)
    i.Nokia5110_Clear                        0x0000070e   Section        0  nokia5110.o(i.Nokia5110_Clear)
    i.Nokia5110_ClearBuffer                  0x00000730   Section        0  nokia5110.o(i.Nokia5110_ClearBuffer)
    i.Nokia5110_DisplayBuffer                0x00000748   Section        0  nokia5110.o(i.Nokia5110_DisplayBuffer)
    i.Nokia5110_DrawFullImage                0x00000758   Section        0  nokia5110.o(i.Nokia5110_DrawFullImage)
    i.Nokia5110_Init                         0x0000077c   Section        0  nokia5110.o(i.Nokia5110_Init)
    i.Nokia5110_OutChar                      0x000008e8   Section        0  nokia5110.o(i.Nokia5110_OutChar)
    i.Nokia5110_OutString                    0x00000920   Section        0  nokia5110.o(i.Nokia5110_OutString)
    i.Nokia5110_PrintBMP                     0x00000938   Section        0  nokia5110.o(i.Nokia5110_PrintBMP)
    i.Nokia5110_SetCursor                    0x00000ae0   Section        0  nokia5110.o(i.Nokia5110_SetCursor)
    i.PLL_Init                               0x00000b10   Section        0  texas.o(i.PLL_Init)
    i.PORTS_Init                             0x00000b8c   Section        0  spaceinvaders.o(i.PORTS_Init)
    i.Player_Move                            0x00000c3c   Section        0  spaceinvaders.o(i.Player_Move)
    i.Rand                                   0x00000ca4   Section        0  spaceinvaders.o(i.Rand)
    i.SetCode                                0x00000cd0   Section        0  texas.o(i.SetCode)
    i.SetCourse                              0x00000ce8   Section        0  texas.o(i.SetCourse)
    i.SysTick_Handler                        0x00000d00   Section        0  spaceinvaders.o(i.SysTick_Handler)
    i.SysTick_Init                           0x00000dc8   Section        0  spaceinvaders.o(i.SysTick_Init)
    i.TExaS_Init                             0x00000dfc   Section        0  texas.o(i.TExaS_Init)
    i.Timer2A_Handler                        0x00000fc0   Section        0  spaceinvaders.o(i.Timer2A_Handler)
    i.Timer2_Init                            0x00001068   Section        0  spaceinvaders.o(i.Timer2_Init)
    i.Timer4A_Handler                        0x000010c4   Section        0  texas.o(i.Timer4A_Handler)
    i.Timer5A_Handler                        0x000010e4   Section        0  texas.o(i.Timer5A_Handler)
    i.UART0_Init                             0x00001114   Section        0  texas.o(i.UART0_Init)
    i.lcdwrite                               0x000011d4   Section        0  nokia5110.o(i.lcdwrite)
    lcdwrite                                 0x000011d5   Thumb Code    66  nokia5110.o(i.lcdwrite)
    i.main                                   0x00001220   Section        0  spaceinvaders.o(i.main)
    .constdata                               0x000014d8   Section      480  nokia5110.o(.constdata)
    ASCII                                    0x000014d8   Data         480  nokia5110.o(.constdata)
    .constdata                               0x000016b8   Section     3715  spaceinvaders.o(.constdata)
    ASCII                                    0x000016b8   Data         480  spaceinvaders.o(.constdata)
    .constdata                               0x0000253b   Section      360  texas.o(.constdata)
    .data                                    0x20000000   Section     5928  spaceinvaders.o(.data)
    .data                                    0x20001728   Section       52  texas.o(.data)
    DATA                                     0x2000175c   Section        4  random.o(DATA)
    M                                        0x2000175c   Data           4  random.o(DATA)
    .bss                                     0x20001760   Section      504  nokia5110.o(.bss)
    .bss                                     0x20001958   Section       80  spaceinvaders.o(.bss)
    .bss                                     0x200019a8   Section       56  texas.o(.bss)
    .bss                                     0x200019e0   Section      228  rand.o(.bss)
    .bss                                     0x20001ac4   Section       96  libspace.o(.bss)
    HEAP                                     0x20001b28   Section        0  startup.o(HEAP)
    STACK                                    0x20001b28   Section     1024  startup.o(STACK)
    HeapMem                                  0x20001b28   Data           0  startup.o(HEAP)
    StackMem                                 0x20001b28   Data           0  startup.o(STACK)

    Global Symbols

    Symbol Name                              Value     Ov Type        Size  Object(Section)

    BuildAttributes$$THM_ISAv4$E$P$D$K$B$S$7EM$PE$A:L22UL41UL21$X:L11$S22US41US21$IEEE1$IW$USESV6$~STKCKD$USESV7$~SHL$OSPACE$ROPI$EBA8$UX$STANDARDLIB$REQ8$PRES8$EABIv2 0x00000000   Number         0  anon$$obj.o ABSOLUTE
    __ARM_use_no_argv                        0x00000000   Number         0  spaceinvaders.o ABSOLUTE
    __Vectors                                0x00000000   Data           0  startup.o(RESET)
    __ARM_exceptions_init                     - Undefined Weak Reference
    __alloca_initialize                       - Undefined Weak Reference
    __cpp_initialize__aeabi_                  - Undefined Weak Reference
    __cxa_finalize                            - Undefined Weak Reference
    __rt_locale                               - Undefined Weak Reference
    __sigvec_lookup                           - Undefined Weak Reference
    _atexit_init                              - Undefined Weak Reference
    _call_atexit_fns                          - Undefined Weak Reference
    _clock_init                               - Undefined Weak Reference
    _fp_trap_init                             - Undefined Weak Reference
    _fp_trap_shutdown                         - Undefined Weak Reference
    _get_lc_collate                           - Undefined Weak Reference
    _get_lc_ctype                             - Undefined Weak Reference
    _get_lc_monetary                          - Undefined Weak Reference
    _get_lc_numeric                           - Undefined Weak Reference
    _get_lc_time                              - Undefined Weak Reference
    _getenv_init                              - Undefined Weak Reference
    _handle_redirection                       - Undefined Weak Reference
    _init_alloc                               - Undefined Weak Reference
    _init_user_alloc                          - Undefined Weak Reference
    _initio                                   - Undefined Weak Reference
    _signal_finish                            - Undefined Weak Reference
    _signal_init                              - Undefined Weak Reference
    _terminate_alloc                          - Undefined Weak Reference
    _terminate_user_alloc                     - Undefined Weak Reference
    _terminateio                              - Undefined Weak Reference
    Reset_Handler                            0x0000026d   Thumb Code     0  startup.o(RESET)
    NMI_Handler                              0x00000271   Thumb Code     2  startup.o(RESET)
    HardFault_Handler                        0x00000273   Thumb Code     2  startup.o(RESET)
    MemManage_Handler                        0x00000275   Thumb Code     2  startup.o(RESET)
    BusFault_Handler                         0x00000277   Thumb Code     2  startup.o(RESET)
    UsageFault_Handler                       0x00000279   Thumb Code     2  startup.o(RESET)
    SVC_Handler                              0x0000027b   Thumb Code     2  startup.o(RESET)
    DebugMon_Handler                         0x0000027d   Thumb Code     2  startup.o(RESET)
    PendSV_Handler                           0x0000027f   Thumb Code     2  startup.o(RESET)
    ADC0Seq0_Handler                         0x00000283   Thumb Code     0  startup.o(RESET)
    ADC0Seq1_Handler                         0x00000283   Thumb Code     0  startup.o(RESET)
    ADC0Seq2_Handler                         0x00000283   Thumb Code     0  startup.o(RESET)
    ADC0Seq3_Handler                         0x00000283   Thumb Code     0  startup.o(RESET)
    ADC1Seq0_Handler                         0x00000283   Thumb Code     0  startup.o(RESET)
    ADC1Seq1_Handler                         0x00000283   Thumb Code     0  startup.o(RESET)
    ADC1Seq2_Handler                         0x00000283   Thumb Code     0  startup.o(RESET)
    ADC1Seq3_Handler                         0x00000283   Thumb Code     0  startup.o(RESET)
    CAN0_Handler                             0x00000283   Thumb Code     0  startup.o(RESET)
    CAN1_Handler                             0x00000283   Thumb Code     0  startup.o(RESET)
    CAN2_Handler                             0x00000283   Thumb Code     0  startup.o(RESET)
    Comp0_Handler                            0x00000283   Thumb Code     0  startup.o(RESET)
    Comp1_Handler                            0x00000283   Thumb Code     0  startup.o(RESET)
    Comp2_Handler                            0x00000283   Thumb Code     0  startup.o(RESET)
    Ethernet_Handler                         0x00000283   Thumb Code     0  startup.o(RESET)
    ExtBus_Handler                           0x00000283   Thumb Code     0  startup.o(RESET)
    FPU_Handler                              0x00000283   Thumb Code     0  startup.o(RESET)
    Fan0_Handler                             0x00000283   Thumb Code     0  startup.o(RESET)
    FlashCtl_Handler                         0x00000283   Thumb Code     0  startup.o(RESET)
    GPIOPortA_Handler                        0x00000283   Thumb Code     0  startup.o(RESET)
    GPIOPortB_Handler                        0x00000283   Thumb Code     0  startup.o(RESET)
    GPIOPortC_Handler                        0x00000283   Thumb Code     0  startup.o(RESET)
    GPIOPortD_Handler                        0x00000283   Thumb Code     0  startup.o(RESET)
    GPIOPortE_Handler                        0x00000283   Thumb Code     0  startup.o(RESET)
    GPIOPortF_Handler                        0x00000283   Thumb Code     0  startup.o(RESET)
    GPIOPortG_Handler                        0x00000283   Thumb Code     0  startup.o(RESET)
    GPIOPortH_Handler                        0x00000283   Thumb Code     0  startup.o(RESET)
    GPIOPortJ_Handler                        0x00000283   Thumb Code     0  startup.o(RESET)
    GPIOPortK_Handler                        0x00000283   Thumb Code     0  startup.o(RESET)
    GPIOPortL_Handler                        0x00000283   Thumb Code     0  startup.o(RESET)
    GPIOPortM_Handler                        0x00000283   Thumb Code     0  startup.o(RESET)
    GPIOPortN_Handler                        0x00000283   Thumb Code     0  startup.o(RESET)
    GPIOPortP1_Handler                       0x00000283   Thumb Code     0  startup.o(RESET)
    GPIOPortP2_Handler                       0x00000283   Thumb Code     0  startup.o(RESET)
    GPIOPortP3_Handler                       0x00000283   Thumb Code     0  startup.o(RESET)
    GPIOPortP4_Handler                       0x00000283   Thumb Code     0  startup.o(RESET)
    GPIOPortP5_Handler                       0x00000283   Thumb Code     0  startup.o(RESET)
    GPIOPortP6_Handler                       0x00000283   Thumb Code     0  startup.o(RESET)
    GPIOPortP7_Handler                       0x00000283   Thumb Code     0  startup.o(RESET)
    GPIOPortP_Handler                        0x00000283   Thumb Code     0  startup.o(RESET)
    GPIOPortQ1_Handler                       0x00000283   Thumb Code     0  startup.o(RESET)
    GPIOPortQ2_Handler                       0x00000283   Thumb Code     0  startup.o(RESET)
    GPIOPortQ3_Handler                       0x00000283   Thumb Code     0  startup.o(RESET)
    GPIOPortQ4_Handler                       0x00000283   Thumb Code     0  startup.o(RESET)
    GPIOPortQ5_Handler                       0x00000283   Thumb Code     0  startup.o(RESET)
    GPIOPortQ6_Handler                       0x00000283   Thumb Code     0  startup.o(RESET)
    GPIOPortQ7_Handler                       0x00000283   Thumb Code     0  startup.o(RESET)
    GPIOPortQ_Handler                        0x00000283   Thumb Code     0  startup.o(RESET)
    GPIOPortR_Handler                        0x00000283   Thumb Code     0  startup.o(RESET)
    GPIOPortS_Handler                        0x00000283   Thumb Code     0  startup.o(RESET)
    Hibernate_Handler                        0x00000283   Thumb Code     0  startup.o(RESET)
    I2C0_Handler                             0x00000283   Thumb Code     0  startup.o(RESET)
    I2C1_Handler                             0x00000283   Thumb Code     0  startup.o(RESET)
    I2C2_Handler                             0x00000283   Thumb Code     0  startup.o(RESET)
    I2C3_Handler                             0x00000283   Thumb Code     0  startup.o(RESET)
    I2C4_Handler                             0x00000283   Thumb Code     0  startup.o(RESET)
    I2C5_Handler                             0x00000283   Thumb Code     0  startup.o(RESET)
    I2S0_Handler                             0x00000283   Thumb Code     0  startup.o(RESET)
    LPC0_Handler                             0x00000283   Thumb Code     0  startup.o(RESET)
    PECI0_Handler                            0x00000283   Thumb Code     0  startup.o(RESET)
    PWM0Fault_Handler                        0x00000283   Thumb Code     0  startup.o(RESET)
    PWM0Generator0_Handler                   0x00000283   Thumb Code     0  startup.o(RESET)
    PWM0Generator1_Handler                   0x00000283   Thumb Code     0  startup.o(RESET)
    PWM0Generator2_Handler                   0x00000283   Thumb Code     0  startup.o(RESET)
    PWM0Generator3_Handler                   0x00000283   Thumb Code     0  startup.o(RESET)
    PWM1Fault_Handler                        0x00000283   Thumb Code     0  startup.o(RESET)
    PWM1Generator0_Handler                   0x00000283   Thumb Code     0  startup.o(RESET)
    PWM1Generator1_Handler                   0x00000283   Thumb Code     0  startup.o(RESET)
    PWM1Generator2_Handler                   0x00000283   Thumb Code     0  startup.o(RESET)
    PWM1Generator3_Handler                   0x00000283   Thumb Code     0  startup.o(RESET)
    Quadrature0_Handler                      0x00000283   Thumb Code     0  startup.o(RESET)
    Quadrature1_Handler                      0x00000283   Thumb Code     0  startup.o(RESET)
    Quadrature2_Handler                      0x00000283   Thumb Code     0  startup.o(RESET)
    SSI0_Handler                             0x00000283   Thumb Code     0  startup.o(RESET)
    SSI1_Handler                             0x00000283   Thumb Code     0  startup.o(RESET)
    SSI2_Handler                             0x00000283   Thumb Code     0  startup.o(RESET)
    SSI3_Handler                             0x00000283   Thumb Code     0  startup.o(RESET)
    SysCtl_Handler                           0x00000283   Thumb Code     0  startup.o(RESET)
    Timer0A_Handler                          0x00000283   Thumb Code     0  startup.o(RESET)
    Timer0B_Handler                          0x00000283   Thumb Code     0  startup.o(RESET)
    Timer1A_Handler                          0x00000283   Thumb Code     0  startup.o(RESET)
    Timer1B_Handler                          0x00000283   Thumb Code     0  startup.o(RESET)
    Timer2B_Handler                          0x00000283   Thumb Code     0  startup.o(RESET)
    Timer3A_Handler                          0x00000283   Thumb Code     0  startup.o(RESET)
    Timer3B_Handler                          0x00000283   Thumb Code     0  startup.o(RESET)
    Timer4B_Handler                          0x00000283   Thumb Code     0  startup.o(RESET)
    Timer5B_Handler                          0x00000283   Thumb Code     0  startup.o(RESET)
    UART0_Handler                            0x00000283   Thumb Code     0  startup.o(RESET)
    UART1_Handler                            0x00000283   Thumb Code     0  startup.o(RESET)
    UART2_Handler                            0x00000283   Thumb Code     0  startup.o(RESET)
    UART3_Handler                            0x00000283   Thumb Code     0  startup.o(RESET)
    UART4_Handler                            0x00000283   Thumb Code     0  startup.o(RESET)
    UART5_Handler                            0x00000283   Thumb Code     0  startup.o(RESET)
    UART6_Handler                            0x00000283   Thumb Code     0  startup.o(RESET)
    UART7_Handler                            0x00000283   Thumb Code     0  startup.o(RESET)
    USB0_Handler                             0x00000283   Thumb Code     0  startup.o(RESET)
    WDT_Handler                              0x00000283   Thumb Code     0  startup.o(RESET)
    WideTimer0A_Handler                      0x00000283   Thumb Code     0  startup.o(RESET)
    WideTimer0B_Handler                      0x00000283   Thumb Code     0  startup.o(RESET)
    WideTimer1A_Handler                      0x00000283   Thumb Code     0  startup.o(RESET)
    WideTimer1B_Handler                      0x00000283   Thumb Code     0  startup.o(RESET)
    WideTimer2A_Handler                      0x00000283   Thumb Code     0  startup.o(RESET)
    WideTimer2B_Handler                      0x00000283   Thumb Code     0  startup.o(RESET)
    WideTimer3A_Handler                      0x00000283   Thumb Code     0  startup.o(RESET)
    WideTimer3B_Handler                      0x00000283   Thumb Code     0  startup.o(RESET)
    WideTimer4A_Handler                      0x00000283   Thumb Code     0  startup.o(RESET)
    WideTimer4B_Handler                      0x00000283   Thumb Code     0  startup.o(RESET)
    WideTimer5A_Handler                      0x00000283   Thumb Code     0  startup.o(RESET)
    WideTimer5B_Handler                      0x00000283   Thumb Code     0  startup.o(RESET)
    uDMA_Error                               0x00000283   Thumb Code     0  startup.o(RESET)
    uDMA_Handler                             0x00000283   Thumb Code     0  startup.o(RESET)
    __main                                   0x00000285   Thumb Code     8  __main.o(!!!main)
    __scatterload                            0x0000028d   Thumb Code     0  __scatter.o(!!!scatter)
    __scatterload_rt2                        0x0000028d   Thumb Code    44  __scatter.o(!!!scatter)
    __scatterload_rt2_thumb_only             0x0000028d   Thumb Code     0  __scatter.o(!!!scatter)
    __scatterload_null                       0x0000029b   Thumb Code     0  __scatter.o(!!!scatter)
    __decompress                             0x000002c1   Thumb Code   100  __dclz77c.o(!!dclz77c)
    __decompress2                            0x000002c1   Thumb Code     0  __dclz77c.o(!!dclz77c)
    __scatterload_zeroinit                   0x00000325   Thumb Code    28  __scatter_zi.o(!!handler_zi)
    __rt_lib_init                            0x00000341   Thumb Code     0  libinit.o(.ARM.Collect$$libinit$$00000000)
    __rt_lib_init_fp_1                       0x00000343   Thumb Code     0  libinit2.o(.ARM.Collect$$libinit$$00000002)
    __rt_lib_init_heap_1                     0x00000343   Thumb Code     0  libinit2.o(.ARM.Collect$$libinit$$00000008)
    __rt_lib_init_rand_2                     0x00000343   Thumb Code     0  libinit2.o(.ARM.Collect$$libinit$$0000000B)
    __rt_lib_init_user_alloc_1               0x00000343   Thumb Code     0  libinit2.o(.ARM.Collect$$libinit$$0000000A)
    __rt_lib_init_alloca_1                   0x00000347   Thumb Code     0  libinit2.o(.ARM.Collect$$libinit$$0000002C)
    __rt_lib_init_argv_1                     0x00000347   Thumb Code     0  libinit2.o(.ARM.Collect$$libinit$$0000002A)
    __rt_lib_init_atexit_1                   0x00000347   Thumb Code     0  libinit2.o(.ARM.Collect$$libinit$$00000019)
    __rt_lib_init_clock_1                    0x00000347   Thumb Code     0  libinit2.o(.ARM.Collect$$libinit$$0000001F)
    __rt_lib_init_cpp_1                      0x00000347   Thumb Code     0  libinit2.o(.ARM.Collect$$libinit$$00000030)
    __rt_lib_init_exceptions_1               0x00000347   Thumb Code     0  libinit2.o(.ARM.Collect$$libinit$$0000002E)
    __rt_lib_init_fp_trap_1                  0x00000347   Thumb Code     0  libinit2.o(.ARM.Collect$$libinit$$0000001D)
    __rt_lib_init_getenv_1                   0x00000347   Thumb Code     0  libinit2.o(.ARM.Collect$$libinit$$00000021)
    __rt_lib_init_lc_collate_1               0x00000347   Thumb Code     0  libinit2.o(.ARM.Collect$$libinit$$0000000F)
    __rt_lib_init_lc_ctype_1                 0x00000347   Thumb Code     0  libinit2.o(.ARM.Collect$$libinit$$00000011)
    __rt_lib_init_lc_monetary_1              0x00000347   Thumb Code     0  libinit2.o(.ARM.Collect$$libinit$$00000013)
    __rt_lib_init_lc_numeric_1               0x00000347   Thumb Code     0  libinit2.o(.ARM.Collect$$libinit$$00000015)
    __rt_lib_init_lc_time_1                  0x00000347   Thumb Code     0  libinit2.o(.ARM.Collect$$libinit$$00000017)
    __rt_lib_init_rand_1                     0x00000347   Thumb Code     0  libinit2.o(.ARM.Collect$$libinit$$0000000C)
    __rt_lib_init_return                     0x00000347   Thumb Code     0  libinit2.o(.ARM.Collect$$libinit$$00000031)
    __rt_lib_init_signal_1                   0x00000347   Thumb Code     0  libinit2.o(.ARM.Collect$$libinit$$0000001B)
    __rt_lib_init_stdio_1                    0x00000347   Thumb Code     0  libinit2.o(.ARM.Collect$$libinit$$00000023)
    __rt_lib_shutdown                        0x00000349   Thumb Code     0  libshutdown.o(.ARM.Collect$$libshutdown$$00000000)
    __rt_lib_shutdown_fp_trap_1              0x0000034b   Thumb Code     0  libshutdown2.o(.ARM.Collect$$libshutdown$$00000006)
    __rt_lib_shutdown_heap_1                 0x0000034b   Thumb Code     0  libshutdown2.o(.ARM.Collect$$libshutdown$$0000000E)
    __rt_lib_shutdown_return                 0x0000034b   Thumb Code     0  libshutdown2.o(.ARM.Collect$$libshutdown$$0000000F)
    __rt_lib_shutdown_signal_1               0x0000034b   Thumb Code     0  libshutdown2.o(.ARM.Collect$$libshutdown$$00000009)
    __rt_lib_shutdown_stdio_1                0x0000034b   Thumb Code     0  libshutdown2.o(.ARM.Collect$$libshutdown$$00000003)
    __rt_lib_shutdown_user_alloc_1           0x0000034b   Thumb Code     0  libshutdown2.o(.ARM.Collect$$libshutdown$$0000000B)
    __rt_entry                               0x0000034d   Thumb Code     0  rtentry.o(.ARM.Collect$$rtentry$$00000000)
    __rt_entry_presh_1                       0x0000034d   Thumb Code     0  rtentry2.o(.ARM.Collect$$rtentry$$00000002)
    __rt_entry_sh                            0x0000034d   Thumb Code     0  rtentry4.o(.ARM.Collect$$rtentry$$00000004)
    __rt_entry_li                            0x00000353   Thumb Code     0  rtentry2.o(.ARM.Collect$$rtentry$$0000000A)
    __rt_entry_postsh_1                      0x00000353   Thumb Code     0  rtentry2.o(.ARM.Collect$$rtentry$$00000009)
    __rt_entry_main                          0x00000357   Thumb Code     0  rtentry2.o(.ARM.Collect$$rtentry$$0000000D)
    __rt_entry_postli_1                      0x00000357   Thumb Code     0  rtentry2.o(.ARM.Collect$$rtentry$$0000000C)
    __rt_exit                                0x0000035f   Thumb Code     0  rtexit.o(.ARM.Collect$$rtexit$$00000000)
    __rt_exit_ls                             0x00000361   Thumb Code     0  rtexit2.o(.ARM.Collect$$rtexit$$00000003)
    __rt_exit_prels_1                        0x00000361   Thumb Code     0  rtexit2.o(.ARM.Collect$$rtexit$$00000002)
    __rt_exit_exit                           0x00000365   Thumb Code     0  rtexit2.o(.ARM.Collect$$rtexit$$00000004)
    DisableInterrupts                        0x0000036d   Thumb Code     0  startup.o(.text)
    EnableInterrupts                         0x00000371   Thumb Code     0  startup.o(.text)
    StartCritical                            0x00000375   Thumb Code     0  startup.o(.text)
    EndCritical                              0x0000037d   Thumb Code     0  startup.o(.text)
    WaitForInterrupt                         0x00000383   Thumb Code     0  startup.o(.text)
    __user_initial_stackheap                 0x00000387   Thumb Code     0  startup.o(.text)
    Random_Init                              0x0000039d   Thumb Code     0  random.o(.text)
    Random32                                 0x000003a7   Thumb Code     2  random.o(.text)
    Random                                   0x000003b9   Thumb Code     2  random.o(.text)
    srand                                    0x000003dd   Thumb Code    42  rand.o(.text)
    _rand_init                               0x00000407   Thumb Code     4  rand.o(.text)
    __use_two_region_memory                  0x00000419   Thumb Code     2  heapauxi.o(.text)
    __rt_heap_escrow$2region                 0x0000041b   Thumb Code     2  heapauxi.o(.text)
    __rt_heap_expand$2region                 0x0000041d   Thumb Code     2  heapauxi.o(.text)
    __user_setup_stackheap                   0x0000041f   Thumb Code    74  sys_stackheap_outer.o(.text)
    exit                                     0x00000469   Thumb Code    12  exit.o(.text)
    __user_libspace                          0x00000475   Thumb Code     8  libspace.o(.text)
    __user_perproc_libspace                  0x00000475   Thumb Code     0  libspace.o(.text)
    __user_perthread_libspace                0x00000475   Thumb Code     0  libspace.o(.text)
    __I$use$semihosting                      0x0000047d   Thumb Code     0  use_no_semi.o(.text)
    __use_no_semihosting_swi                 0x0000047d   Thumb Code     2  use_no_semi.o(.text)
    __semihosting_library_function           0x0000047f   Thumb Code     0  indicate_semi.o(.text)
    _sys_exit                                0x00000481   Thumb Code     8  sys_exit.o(.text)
    ADC0_In                                  0x0000048d   Thumb Code    36  spaceinvaders.o(i.ADC0_In)
    ADC0_Init                                0x000004b9   Thumb Code   184  spaceinvaders.o(i.ADC0_Init)
    ADC1_In                                  0x00000595   Thumb Code     6  texas.o(i.ADC1_In)
    ADC1_Init                                0x000005a1   Thumb Code   174  texas.o(i.ADC1_Init)
    DAC_Init                                 0x00000675   Thumb Code    90  spaceinvaders.o(i.DAC_Init)
    DAC_Out                                  0x000006ed   Thumb Code     6  spaceinvaders.o(i.DAC_Out)
    Delayms                                  0x000006f9   Thumb Code    22  spaceinvaders.o(i.Delayms)
    Nokia5110_Clear                          0x0000070f   Thumb Code    32  nokia5110.o(i.Nokia5110_Clear)
    Nokia5110_ClearBuffer                    0x00000731   Thumb Code    20  nokia5110.o(i.Nokia5110_ClearBuffer)
    Nokia5110_DisplayBuffer                  0x00000749   Thumb Code    10  nokia5110.o(i.Nokia5110_DisplayBuffer)
    Nokia5110_DrawFullImage                  0x00000759   Thumb Code    34  nokia5110.o(i.Nokia5110_DrawFullImage)
    Nokia5110_Init                           0x0000077d   Thumb Code   316  nokia5110.o(i.Nokia5110_Init)
    Nokia5110_OutChar                        0x000008e9   Thumb Code    52  nokia5110.o(i.Nokia5110_OutChar)
    Nokia5110_OutString                      0x00000921   Thumb Code    22  nokia5110.o(i.Nokia5110_OutString)
    Nokia5110_PrintBMP                       0x00000939   Thumb Code   420  nokia5110.o(i.Nokia5110_PrintBMP)
    Nokia5110_SetCursor                      0x00000ae1   Thumb Code    48  nokia5110.o(i.Nokia5110_SetCursor)
    PLL_Init                                 0x00000b11   Thumb Code   118  texas.o(i.PLL_Init)
    PORTS_Init                               0x00000b8d   Thumb Code   134  spaceinvaders.o(i.PORTS_Init)
    Player_Move                              0x00000c3d   Thumb Code    96  spaceinvaders.o(i.Player_Move)
    Rand                                     0x00000ca5   Thumb Code    44  spaceinvaders.o(i.Rand)
    SetCode                                  0x00000cd1   Thumb Code    20  texas.o(i.SetCode)
    SetCourse                                0x00000ce9   Thumb Code    20  texas.o(i.SetCourse)
    SysTick_Handler                          0x00000d01   Thumb Code   168  spaceinvaders.o(i.SysTick_Handler)
    SysTick_Init                             0x00000dc9   Thumb Code    44  spaceinvaders.o(i.SysTick_Init)
    TExaS_Init                               0x00000dfd   Thumb Code   324  texas.o(i.TExaS_Init)
    Timer2A_Handler                          0x00000fc1   Thumb Code   130  spaceinvaders.o(i.Timer2A_Handler)
    Timer2_Init                              0x00001069   Thumb Code    76  spaceinvaders.o(i.Timer2_Init)
    Timer4A_Handler                          0x000010c5   Thumb Code    20  texas.o(i.Timer4A_Handler)
    Timer5A_Handler                          0x000010e5   Thumb Code    34  texas.o(i.Timer5A_Handler)
    UART0_Init                               0x00001115   Thumb Code   160  texas.o(i.UART0_Init)
    main                                     0x00001221   Thumb Code   596  spaceinvaders.o(i.main)
    SmallEnemyNew1                           0x00001898   Data         199  spaceinvaders.o(.constdata)
    SmallEnemyNew2                           0x0000195f   Data         199  spaceinvaders.o(.constdata)
    SmallEnemyNew3                           0x00001a26   Data         199  spaceinvaders.o(.constdata)
    SmallEnemynew                            0x00001aed   Data         199  spaceinvaders.o(.constdata)
    heart                                    0x00001bb4   Data         191  spaceinvaders.o(.constdata)
    PlayerSheildCatNew                       0x00001c73   Data         215  spaceinvaders.o(.constdata)
    PlayerBrokenSheildCatNew                 0x00001d4a   Data         215  spaceinvaders.o(.constdata)
    PlayerCatNew                             0x00001e21   Data         215  spaceinvaders.o(.constdata)
    BigExplosion0                            0x00001ef8   Data         215  spaceinvaders.o(.constdata)
    BigExplosion1                            0x00001fcf   Data         215  spaceinvaders.o(.constdata)
    SmallExplosion0                          0x000020a6   Data         199  spaceinvaders.o(.constdata)
    SmallExplosion1                          0x0000216d   Data         199  spaceinvaders.o(.constdata)
    Missile0                                 0x00002234   Data         155  spaceinvaders.o(.constdata)
    Missile1                                 0x000022cf   Data         155  spaceinvaders.o(.constdata)
    Missile2                                 0x0000236a   Data         155  spaceinvaders.o(.constdata)
    Laser0                                   0x00002405   Data         155  spaceinvaders.o(.constdata)
    Laser1                                   0x000024a0   Data         155  spaceinvaders.o(.constdata)
    NoInputMsg                               0x0000253b   Data          40  texas.o(.constdata)
    OutputPortMsg0                           0x00002563   Data          40  texas.o(.constdata)
    OutputPortMsg1                           0x0000258b   Data          40  texas.o(.constdata)
    OutputPortMsg2                           0x000025b3   Data          40  texas.o(.constdata)
    OutputPortMsg3                           0x000025db   Data          40  texas.o(.constdata)
    BlankMsg                                 0x00002603   Data          40  texas.o(.constdata)
    InitializedMsg                           0x0000262b   Data          40  texas.o(.constdata)
    IntroMsg                                 0x00002653   Data          40  texas.o(.constdata)
    DoneMsg                                  0x0000267b   Data          40  texas.o(.constdata)
    Region$$Table$$Base                      0x000026a4   Number         0  anon$$obj.o(Region$$Table)
    Region$$Table$$Limit                     0x000026c4   Number         0  anon$$obj.o(Region$$Table)
    Previous_Fire                            0x20000000   Data           4  spaceinvaders.o(.data)
    Index_N                                  0x20000004   Data           4  spaceinvaders.o(.data)
    Index_S                                  0x20000008   Data           4  spaceinvaders.o(.data)
    enemy_hit_flag                           0x2000000c   Data           4  spaceinvaders.o(.data)
    shoot                                    0x20000010   Data        4080  spaceinvaders.o(.data)
    highpitch                                0x20001000   Data        1802  spaceinvaders.o(.data)
    Fire                                     0x2000170c   Data           4  spaceinvaders.o(.data)
    TimerCount                               0x20001710   Data           4  spaceinvaders.o(.data)
    flag_sound                               0x20001714   Data           1  spaceinvaders.o(.data)
    ADCdata                                  0x20001718   Data           4  spaceinvaders.o(.data)
    R_number                                 0x2000171c   Data           1  spaceinvaders.o(.data)
    Enemy_Rand                               0x2000171d   Data           1  spaceinvaders.o(.data)
    Previous_ADC                             0x20001720   Data           4  spaceinvaders.o(.data)
    Player_Loc                               0x20001724   Data           4  spaceinvaders.o(.data)
    TExaS_Period                             0x20001728   Data           4  texas.o(.data)
    TExaS_Ports                              0x2000172c   Data           8  texas.o(.data)
    Display                                  0x20001734   Data           1  texas.o(.data)
    TExaS_Meter                              0x20001738   Data           4  texas.o(.data)
    ADCnum                                   0x2000173c   Data           4  texas.o(.data)
    LastMode                                 0x20001740   Data           4  texas.o(.data)
    bFlag                                    0x20001744   Data           4  texas.o(.data)
    Count                                    0x20001748   Data           4  texas.o(.data)
    DelayBetweenTests                        0x2000174c   Data           4  texas.o(.data)
    TExaS_Test                               0x20001750   Data           4  texas.o(.data)
    ScopeMode                                0x20001754   Data           4  texas.o(.data)
    ScopeCount                               0x20001758   Data           4  texas.o(.data)
    Screen                                   0x20001760   Data         504  nokia5110.o(.bss)
    Enemy                                    0x20001958   Data          80  spaceinvaders.o(.bss)
    TExaS                                    0x200019a8   Data          56  texas.o(.bss)
    _random_number_data                      0x200019e0   Data         228  rand.o(.bss)
    __libspace_start                         0x20001ac4   Data          96  libspace.o(.bss)
    __temporary_stack_top$libspace           0x20001b24   Data           0  libspace.o(.bss)



==============================================================================

Memory Map of the image

  Image Entry point : 0x0000026d

  Load Region LR_1 (Base: 0x00000000, Size: 0x00003e24, Max: 0xffffffff, ABSOLUTE, COMPRESSED[0x000031c8])

    Execution Region ER_RO (Base: 0x00000000, Size: 0x000026c4, Max: 0xffffffff, ABSOLUTE)

    Base Addr    Size         Type   Attr      Idx    E Section Name        Object

    0x00000000   0x00000284   Code   RO            3  * RESET               startup.o
    0x00000284   0x00000008   Code   RO          322  * !!!main             c_w.l(__main.o)
    0x0000028c   0x00000034   Code   RO          478    !!!scatter          c_w.l(__scatter.o)
    0x000002c0   0x00000064   Code   RO          476    !!dclz77c           c_w.l(__dclz77c.o)
    0x00000324   0x0000001c   Code   RO          480    !!handler_zi        c_w.l(__scatter_zi.o)
    0x00000340   0x00000002   Code   RO          400    .ARM.Collect$$libinit$$00000000  c_w.l(libinit.o)
    0x00000342   0x00000000   Code   RO          326    .ARM.Collect$$libinit$$00000002  c_w.l(libinit2.o)
    0x00000342   0x00000000   Code   RO          329    .ARM.Collect$$libinit$$00000008  c_w.l(libinit2.o)
    0x00000342   0x00000000   Code   RO          331    .ARM.Collect$$libinit$$0000000A  c_w.l(libinit2.o)
    0x00000342   0x00000004   Code   RO          332    .ARM.Collect$$libinit$$0000000B  c_w.l(libinit2.o)
    0x00000346   0x00000000   Code   RO          333    .ARM.Collect$$libinit$$0000000C  c_w.l(libinit2.o)
    0x00000346   0x00000000   Code   RO          336    .ARM.Collect$$libinit$$0000000F  c_w.l(libinit2.o)
    0x00000346   0x00000000   Code   RO          338    .ARM.Collect$$libinit$$00000011  c_w.l(libinit2.o)
    0x00000346   0x00000000   Code   RO          340    .ARM.Collect$$libinit$$00000013  c_w.l(libinit2.o)
    0x00000346   0x00000000   Code   RO          342    .ARM.Collect$$libinit$$00000015  c_w.l(libinit2.o)
    0x00000346   0x00000000   Code   RO          344    .ARM.Collect$$libinit$$00000017  c_w.l(libinit2.o)
    0x00000346   0x00000000   Code   RO          346    .ARM.Collect$$libinit$$00000019  c_w.l(libinit2.o)
    0x00000346   0x00000000   Code   RO          348    .ARM.Collect$$libinit$$0000001B  c_w.l(libinit2.o)
    0x00000346   0x00000000   Code   RO          350    .ARM.Collect$$libinit$$0000001D  c_w.l(libinit2.o)
    0x00000346   0x00000000   Code   RO          352    .ARM.Collect$$libinit$$0000001F  c_w.l(libinit2.o)
    0x00000346   0x00000000   Code   RO          354    .ARM.Collect$$libinit$$00000021  c_w.l(libinit2.o)
    0x00000346   0x00000000   Code   RO          356    .ARM.Collect$$libinit$$00000023  c_w.l(libinit2.o)
    0x00000346   0x00000000   Code   RO          360    .ARM.Collect$$libinit$$0000002A  c_w.l(libinit2.o)
    0x00000346   0x00000000   Code   RO          362    .ARM.Collect$$libinit$$0000002C  c_w.l(libinit2.o)
    0x00000346   0x00000000   Code   RO          364    .ARM.Collect$$libinit$$0000002E  c_w.l(libinit2.o)
    0x00000346   0x00000000   Code   RO          366    .ARM.Collect$$libinit$$00000030  c_w.l(libinit2.o)
    0x00000346   0x00000002   Code   RO          367    .ARM.Collect$$libinit$$00000031  c_w.l(libinit2.o)
    0x00000348   0x00000002   Code   RO          438    .ARM.Collect$$libshutdown$$00000000  c_w.l(libshutdown.o)
    0x0000034a   0x00000000   Code   RO          445    .ARM.Collect$$libshutdown$$00000003  c_w.l(libshutdown2.o)
    0x0000034a   0x00000000   Code   RO          448    .ARM.Collect$$libshutdown$$00000006  c_w.l(libshutdown2.o)
    0x0000034a   0x00000000   Code   RO          451    .ARM.Collect$$libshutdown$$00000009  c_w.l(libshutdown2.o)
    0x0000034a   0x00000000   Code   RO          453    .ARM.Collect$$libshutdown$$0000000B  c_w.l(libshutdown2.o)
    0x0000034a   0x00000000   Code   RO          456    .ARM.Collect$$libshutdown$$0000000E  c_w.l(libshutdown2.o)
    0x0000034a   0x00000002   Code   RO          457    .ARM.Collect$$libshutdown$$0000000F  c_w.l(libshutdown2.o)
    0x0000034c   0x00000000   Code   RO          324    .ARM.Collect$$rtentry$$00000000  c_w.l(rtentry.o)
    0x0000034c   0x00000000   Code   RO          369    .ARM.Collect$$rtentry$$00000002  c_w.l(rtentry2.o)
    0x0000034c   0x00000006   Code   RO          381    .ARM.Collect$$rtentry$$00000004  c_w.l(rtentry4.o)
    0x00000352   0x00000000   Code   RO          371    .ARM.Collect$$rtentry$$00000009  c_w.l(rtentry2.o)
    0x00000352   0x00000004   Code   RO          372    .ARM.Collect$$rtentry$$0000000A  c_w.l(rtentry2.o)
    0x00000356   0x00000000   Code   RO          374    .ARM.Collect$$rtentry$$0000000C  c_w.l(rtentry2.o)
    0x00000356   0x00000008   Code   RO          375    .ARM.Collect$$rtentry$$0000000D  c_w.l(rtentry2.o)
    0x0000035e   0x00000002   Code   RO          406    .ARM.Collect$$rtexit$$00000000  c_w.l(rtexit.o)
    0x00000360   0x00000000   Code   RO          418    .ARM.Collect$$rtexit$$00000002  c_w.l(rtexit2.o)
    0x00000360   0x00000004   Code   RO          419    .ARM.Collect$$rtexit$$00000003  c_w.l(rtexit2.o)
    0x00000364   0x00000006   Code   RO          420    .ARM.Collect$$rtexit$$00000004  c_w.l(rtexit2.o)
    0x0000036a   0x00000002   PAD
    0x0000036c   0x00000030   Code   RO            4    .text               startup.o
    0x0000039c   0x00000040   Code   RO           92    .text               random.o
    0x000003dc   0x0000003c   Code   RO          316    .text               c_w.l(rand.o)
    0x00000418   0x00000006   Code   RO          320    .text               c_w.l(heapauxi.o)
    0x0000041e   0x0000004a   Code   RO          387    .text               c_w.l(sys_stackheap_outer.o)
    0x00000468   0x0000000c   Code   RO          389    .text               c_w.l(exit.o)
    0x00000474   0x00000008   Code   RO          403    .text               c_w.l(libspace.o)
    0x0000047c   0x00000002   Code   RO          414    .text               c_w.l(use_no_semi.o)
    0x0000047e   0x00000000   Code   RO          416    .text               c_w.l(indicate_semi.o)
    0x0000047e   0x00000002   PAD
    0x00000480   0x0000000c   Code   RO          430    .text               c_w.l(sys_exit.o)
    0x0000048c   0x0000002c   Code   RO           95    i.ADC0_In           spaceinvaders.o
    0x000004b8   0x000000dc   Code   RO           96    i.ADC0_Init         spaceinvaders.o
    0x00000594   0x0000000c   Code   RO          194    i.ADC1_In           texas.o
    0x000005a0   0x000000d4   Code   RO          195    i.ADC1_Init         texas.o
    0x00000674   0x00000078   Code   RO           97    i.DAC_Init          spaceinvaders.o
    0x000006ec   0x0000000c   Code   RO           98    i.DAC_Out           spaceinvaders.o
    0x000006f8   0x00000016   Code   RO           99    i.Delayms           spaceinvaders.o
    0x0000070e   0x00000020   Code   RO           12    i.Nokia5110_Clear   nokia5110.o
    0x0000072e   0x00000002   PAD
    0x00000730   0x00000018   Code   RO           13    i.Nokia5110_ClearBuffer  nokia5110.o
    0x00000748   0x00000010   Code   RO           14    i.Nokia5110_DisplayBuffer  nokia5110.o
    0x00000758   0x00000022   Code   RO           15    i.Nokia5110_DrawFullImage  nokia5110.o
    0x0000077a   0x00000002   PAD
    0x0000077c   0x0000016c   Code   RO           16    i.Nokia5110_Init    nokia5110.o
    0x000008e8   0x00000038   Code   RO           17    i.Nokia5110_OutChar  nokia5110.o
    0x00000920   0x00000016   Code   RO           18    i.Nokia5110_OutString  nokia5110.o
    0x00000936   0x00000002   PAD
    0x00000938   0x000001a8   Code   RO           20    i.Nokia5110_PrintBMP  nokia5110.o
    0x00000ae0   0x00000030   Code   RO           21    i.Nokia5110_SetCursor  nokia5110.o
    0x00000b10   0x0000007c   Code   RO          196    i.PLL_Init          texas.o
    0x00000b8c   0x000000b0   Code   RO          100    i.PORTS_Init        spaceinvaders.o
    0x00000c3c   0x00000068   Code   RO          101    i.Player_Move       spaceinvaders.o
    0x00000ca4   0x0000002c   Code   RO          102    i.Rand              spaceinvaders.o
    0x00000cd0   0x00000018   Code   RO          197    i.SetCode           texas.o
    0x00000ce8   0x00000018   Code   RO          198    i.SetCourse         texas.o
    0x00000d00   0x000000c8   Code   RO          103    i.SysTick_Handler   spaceinvaders.o
    0x00000dc8   0x00000034   Code   RO          104    i.SysTick_Init      spaceinvaders.o
    0x00000dfc   0x000001c4   Code   RO          202    i.TExaS_Init        texas.o
    0x00000fc0   0x000000a8   Code   RO          105    i.Timer2A_Handler   spaceinvaders.o
    0x00001068   0x0000005c   Code   RO          106    i.Timer2_Init       spaceinvaders.o
    0x000010c4   0x00000020   Code   RO          204    i.Timer4A_Handler   texas.o
    0x000010e4   0x00000030   Code   RO          205    i.Timer5A_Handler   texas.o
    0x00001114   0x000000c0   Code   RO          208    i.UART0_Init        texas.o
    0x000011d4   0x0000004c   Code   RO           22    i.lcdwrite          nokia5110.o
    0x00001220   0x000002b8   Code   RO          107    i.main              spaceinvaders.o
    0x000014d8   0x000001e0   Data   RO           24    .constdata          nokia5110.o
    0x000016b8   0x00000e83   Data   RO          109    .constdata          spaceinvaders.o
    0x0000253b   0x00000168   Data   RO          213    .constdata          texas.o
    0x000026a3   0x00000001   PAD
    0x000026a4   0x00000020   Data   RO          474    Region$$Table       anon$$obj.o


    Execution Region ER_RW (Base: 0x20000000, Size: 0x00001760, Max: 0xffffffff, ABSOLUTE, COMPRESSED[0x00000b04])

    Base Addr    Size         Type   Attr      Idx    E Section Name        Object

    0x20000000   0x00001728   Data   RW          110    .data               spaceinvaders.o
    0x20001728   0x00000034   Data   RW          214    .data               texas.o
    0x2000175c   0x00000004   Data   RW           91    DATA                random.o


    Execution Region ER_ZI (Base: 0x20001760, Size: 0x000007c8, Max: 0xffffffff, ABSOLUTE)

    Base Addr    Size         Type   Attr      Idx    E Section Name        Object

    0x20001760   0x000001f8   Zero   RW           23    .bss                nokia5110.o
    0x20001958   0x00000050   Zero   RW          108    .bss                spaceinvaders.o
    0x200019a8   0x00000038   Zero   RW          212    .bss                texas.o
    0x200019e0   0x000000e4   Zero   RW          317    .bss                c_w.l(rand.o)
    0x20001ac4   0x00000060   Zero   RW          404    .bss                c_w.l(libspace.o)
    0x20001b24   0x00000004   PAD
    0x20001b28   0x00000000   Zero   RW            2    HEAP                startup.o
    0x20001b28   0x00000400   Zero   RW            1    STACK               startup.o


==============================================================================

Image component sizes


      Code (inc. data)   RO Data    RW Data    ZI Data      Debug   Object Name

      1096         76        480          0        504       8529   nokia5110.o
        64         14          0          4          0        184   random.o
      1950        324       3715       5928         80       9322   spaceinvaders.o
       692        632          0          0       1024        868   startup.o
      1120        244        360         52         56      15392   texas.o

    ----------------------------------------------------------------------
      4928       1290       4588       5984       1664      34295   Object Totals
         0          0         32          0          0          0   (incl. Generated)
         6          0          1          0          0          0   (incl. Padding)

    ----------------------------------------------------------------------

      Code (inc. data)   RO Data    RW Data    ZI Data      Debug   Library Member Name

       100          0          0          0          0          0   __dclz77c.o
         8          0          0          0          0         68   __main.o
        52          8          0          0          0          0   __scatter.o
        28          0          0          0          0          0   __scatter_zi.o
        12          0          0          0          0         72   exit.o
         6          0          0          0          0        152   heapauxi.o
         0          0          0          0          0          0   indicate_semi.o
         2          0          0          0          0          0   libinit.o
         6          0          0          0          0          0   libinit2.o
         2          0          0          0          0          0   libshutdown.o
         2          0          0          0          0          0   libshutdown2.o
         8          4          0          0         96         68   libspace.o
        60         14          0          0        228         92   rand.o
         0          0          0          0          0          0   rtentry.o
        12          0          0          0          0          0   rtentry2.o
         6          0          0          0          0          0   rtentry4.o
         2          0          0          0          0          0   rtexit.o
        10          0          0          0          0          0   rtexit2.o
        12          4          0          0          0         68   sys_exit.o
        74          0          0          0          0         80   sys_stackheap_outer.o
         2          0          0          0          0         68   use_no_semi.o

    ----------------------------------------------------------------------
       408         30          0          0        328        668   Library Totals
         4          0          0          0          4          0   (incl. Padding)

    ----------------------------------------------------------------------

      Code (inc. data)   RO Data    RW Data    ZI Data      Debug   Library Name

       404         30          0          0        324        668   c_w.l

    ----------------------------------------------------------------------
       408         30          0          0        328        668   Library Totals

    ----------------------------------------------------------------------

==============================================================================


      Code (inc. data)   RO Data    RW Data    ZI Data      Debug   

      5336       1320       4588       5984       1992      33143   Grand Totals
      5336       1320       4588       2820       1992      33143   ELF Image Totals (compressed)
      5336       1320       4588       2820          0          0   ROM Totals

==============================================================================

    Total RO  Size (Code + RO Data)                 9924 (   9.69kB)
    Total RW  Size (RW Data + ZI Data)              7976 (   7.79kB)
    Total ROM Size (Code + RO Data + RW Data)      12744 (  12.45kB)

==============================================================================

