<html>
<body>
<pre>
<h1>µVision Build Log</h1>
<h2>Project:</h2>
C:\Keil\Labware\Lab15_SpaceInvaders\SpaceInvaders.uvproj
Project File Date:  05/04/2015

<h2>Output:</h2>
Rebuild target 'SpaceInvaders'
assembling startup.s...
compiling Nokia5110.c...
assembling random.s...
compiling SpaceInvaders.c...
compiling TExaS.c...
linking...
Program Size: Code=6288 RO-data=3728 RW-data=14744 ZI-data=1992  
".\SpaceInvaders.axf" - 0 Error(s), 0 Warning(s).
piling TExaS.c...
linking...
Program Size: Code=6032 RO-data=3728 RW-data=14744 ZI-data=1992  
".\SpaceInvaders.axf" - 0 Error(s), 1 Warning(s).
