<html>
<body>
<pre>
<h1>µVision Build Log</h1>
<h2>Project:</h2>
C:\Keil\Labware\Lab15_SpaceInvaders\SpaceInvaders.uvproj
Project File Date:  04/22/2015

<h2>Output:</h2>
Rebuild target 'SpaceInvaders'
assembling startup.s...
compiling Nokia5110.c...
assembling random.s...
compiling SpaceInvaders.c...
compiling TExaS.c...
linking...
Program Size: Code=4668 RO-data=4204 RW-data=5976 ZI-data=1992  
".\SpaceInvaders.axf" - 0 Error(s), 0 Warning(s).
Load "C:\\Keil\\Labware\\Lab15_SpaceInvaders\\SpaceInvaders.axf" 
Connecting: Mode=JTAG, Speed=1000000Hz
Connection failed!, error code=&d
Error: Flash Download failed  -  Target DLL has been cancelled
Load "C:\\Keil\\Labware\\Lab15_SpaceInvaders\\SpaceInvaders.axf" 
Connecting: Mode=JTAG, Speed=1000000Hz
Erase Done.
Programming Done.
Verify OK.
: identifier "i" is undefined
        for (int i=0;i<4;i++){
SpaceInvaders.c(314): warning:  #177-D: variable "Enemy_position" was declared but never referenced
        unsigned char Enemy_position;
SpaceInvaders.c: 1 warning, 5 errors
compiling TExaS.c...
".\SpaceInvaders.axf" - 5 Error(s), 1 Warning(s).
Target not created
D: variable "Enemy_position" was declared but never referenced
        unsigned char Enemy_position;
SpaceInvaders.c: 3 warnings, 5 errors
compiling TExaS.c...
".\SpaceInvaders.axf" - 5 Error(s), 3 Warning(s).
Target not created
