<html>
<body>
<pre>
<h1>µVision Build Log</h1>
<h2>Project:</h2>
C:\Keil\Labware\Lab14_MeasurementOfDistance\Lab14.uvproj
Project File Date:  04/23/2015

<h2>Output:</h2>
Rebuild target 'Lab14'
assembling startup.s...
compiling MeasurementOfDistance.c...
compiling Nokia5110.c...
compiling ADC.c...
linking...
Program Size: Code=8196 RO-data=7568 RW-data=124 ZI-data=1764  
".\Lab14.axf" - 0 Error(s), 0 Warning(s).
Load "C:\\Keil\\Labware\\Lab14_MeasurementOfDistance\\Lab14.axf" 
Connecting: Mode=JTAG, Speed=1000000Hz
Erase Done.
Programming Done.
Verify OK.
